// Jest Snapshot v1, https://goo.gl/fbAQLP

exports[`<BarchartComponent /> Matches snapshot when 1 NaceCard is chosen 1`] = `
Object {
  "asFragment": [Function],
  "baseElement": <body>
    <div>
      <div
        class="sc-gKAblj pSuCS"
      >
        <div
          class="sc-iCoHVE dWRZZO"
        >
          <div
            class="sc-fujyUd VeEOy"
          >
            <div
              class="recharts-responsive-container"
              style="width: 97%; height: 97%;"
            >
              <div
                style="position: absolute; width: 0px; height: 0px; visibility: hidden; display: none;"
              />
            </div>
          </div>
          <div
            class="sc-pNWxx fxawGb"
          >
            <div
              class="sc-jrsJCI fzuYIX"
            >
              <div
                class="sc-kEqYlL fjxjkT"
              >
                History Graph
              </div>
              <div
                class="sc-iqAbSa jdvqLV"
              >
                Gram per Euro
              </div>
            </div>
            <div
              class="sc-crzoUp iKdPGR"
            >
              <div
                class="sc-dIsAE hOSeLT"
              >
                <div
                  class="sc-ksluoS gMpDis"
                >
                  ESG Factor:
                </div>
                <div
                  class="sc-hBMVcZ iYOQhu"
                >
                  Emmisions of Greenhouse gases
                </div>
              </div>
              <div
                class="sc-bqGHjH eDezpz"
              >
                <div
                  class="sc-ksluoS gMpDis"
                >
                  Year:
                </div>
                <div
                  class="sc-hBMVcZ iYOQhu"
                >
                   
                  2015
                   - 
                  2018
                </div>
              </div>
            </div>
            <div
              class="sc-fnVYJo nUgzX"
            >
              Air Emissions Accounts record the flows of residual gaseous and particulate materials emitted by resident units and flowing into the atmosphere. Residual gaseous and particulate materials are the physical flows of gaseous or particulate materials (‘air emissions’).
              <div
                class="sc-fFSRdu gYZDfv"
              >
                <a
                  class="sc-bkbjAj"
                  href="https://ec.europa.eu/eurostat/cache/metadata/en/env_ac_ainah_r2_esms.htm"
                >
                  https://ec.europa.eu/eurostat/cache/metadata/en/env_ac_ainah_r2_esms.htm
                </a>
              </div>
            </div>
          </div>
        </div>
      </div>
    </div>
  </body>,
  "container": <div>
    <div
      class="sc-gKAblj pSuCS"
    >
      <div
        class="sc-iCoHVE dWRZZO"
      >
        <div
          class="sc-fujyUd VeEOy"
        >
          <div
            class="recharts-responsive-container"
            style="width: 97%; height: 97%;"
          >
            <div
              style="position: absolute; width: 0px; height: 0px; visibility: hidden; display: none;"
            />
          </div>
        </div>
        <div
          class="sc-pNWxx fxawGb"
        >
          <div
            class="sc-jrsJCI fzuYIX"
          >
            <div
              class="sc-kEqYlL fjxjkT"
            >
              History Graph
            </div>
            <div
              class="sc-iqAbSa jdvqLV"
            >
              Gram per Euro
            </div>
          </div>
          <div
            class="sc-crzoUp iKdPGR"
          >
            <div
              class="sc-dIsAE hOSeLT"
            >
              <div
                class="sc-ksluoS gMpDis"
              >
                ESG Factor:
              </div>
              <div
                class="sc-hBMVcZ iYOQhu"
              >
                Emmisions of Greenhouse gases
              </div>
            </div>
            <div
              class="sc-bqGHjH eDezpz"
            >
              <div
                class="sc-ksluoS gMpDis"
              >
                Year:
              </div>
              <div
                class="sc-hBMVcZ iYOQhu"
              >
                 
                2015
                 - 
                2018
              </div>
            </div>
          </div>
          <div
            class="sc-fnVYJo nUgzX"
          >
            Air Emissions Accounts record the flows of residual gaseous and particulate materials emitted by resident units and flowing into the atmosphere. Residual gaseous and particulate materials are the physical flows of gaseous or particulate materials (‘air emissions’).
            <div
              class="sc-fFSRdu gYZDfv"
            >
              <a
                class="sc-bkbjAj"
                href="https://ec.europa.eu/eurostat/cache/metadata/en/env_ac_ainah_r2_esms.htm"
              >
                https://ec.europa.eu/eurostat/cache/metadata/en/env_ac_ainah_r2_esms.htm
              </a>
            </div>
          </div>
        </div>
      </div>
    </div>
  </div>,
  "debug": [Function],
  "findAllByAltText": [Function],
  "findAllByDisplayValue": [Function],
  "findAllByLabelText": [Function],
  "findAllByPlaceholderText": [Function],
  "findAllByRole": [Function],
  "findAllByTestId": [Function],
  "findAllByText": [Function],
  "findAllByTitle": [Function],
  "findByAltText": [Function],
  "findByDisplayValue": [Function],
  "findByLabelText": [Function],
  "findByPlaceholderText": [Function],
  "findByRole": [Function],
  "findByTestId": [Function],
  "findByText": [Function],
  "findByTitle": [Function],
  "getAllByAltText": [Function],
  "getAllByDisplayValue": [Function],
  "getAllByLabelText": [Function],
  "getAllByPlaceholderText": [Function],
  "getAllByRole": [Function],
  "getAllByTestId": [Function],
  "getAllByText": [Function],
  "getAllByTitle": [Function],
  "getByAltText": [Function],
  "getByDisplayValue": [Function],
  "getByLabelText": [Function],
  "getByPlaceholderText": [Function],
  "getByRole": [Function],
  "getByTestId": [Function],
  "getByText": [Function],
  "getByTitle": [Function],
  "queryAllByAltText": [Function],
  "queryAllByDisplayValue": [Function],
  "queryAllByLabelText": [Function],
  "queryAllByPlaceholderText": [Function],
  "queryAllByRole": [Function],
  "queryAllByTestId": [Function],
  "queryAllByText": [Function],
  "queryAllByTitle": [Function],
  "queryByAltText": [Function],
  "queryByDisplayValue": [Function],
  "queryByLabelText": [Function],
  "queryByPlaceholderText": [Function],
  "queryByRole": [Function],
  "queryByTestId": [Function],
  "queryByText": [Function],
  "queryByTitle": [Function],
  "rerender": [Function],
  "unmount": [Function],
}
`;

exports[`<BarchartComponent /> Matches snapshot when 3 NaceCard is chosen 1`] = `
Object {
  "asFragment": [Function],
  "baseElement": <body>
    <div>
      <div
        class="sc-gKAblj pSuCS"
      >
        <div
          class="sc-iCoHVE dWRZZO"
        >
          <div
            class="sc-fujyUd VeEOy"
          >
            <div
              class="recharts-responsive-container"
              style="width: 97%; height: 97%;"
            >
              <div
                style="position: absolute; width: 0px; height: 0px; visibility: hidden; display: none;"
              />
            </div>
          </div>
          <div
            class="sc-pNWxx fxawGb"
          >
            <div
              class="sc-jrsJCI fzuYIX"
            >
              <div
                class="sc-kEqYlL fjxjkT"
              >
                History Graph
              </div>
              <div
                class="sc-iqAbSa jdvqLV"
              >
                Gram per Euro
              </div>
            </div>
            <div
              class="sc-crzoUp iKdPGR"
            >
              <div
                class="sc-dIsAE hOSeLT"
              >
                <div
                  class="sc-ksluoS gMpDis"
                >
                  ESG Factor:
                </div>
                <div
                  class="sc-hBMVcZ iYOQhu"
                >
                  Emmisions of Greenhouse gases
                </div>
              </div>
              <div
                class="sc-bqGHjH eDezpz"
              >
                <div
                  class="sc-ksluoS gMpDis"
                >
                  Year:
                </div>
                <div
                  class="sc-hBMVcZ iYOQhu"
                >
                   
                  2015
                   - 
                  2018
                </div>
              </div>
            </div>
            <div
              class="sc-fnVYJo nUgzX"
            >
              Air Emissions Accounts record the flows of residual gaseous and particulate materials emitted by resident units and flowing into the atmosphere. Residual gaseous and particulate materials are the physical flows of gaseous or particulate materials (‘air emissions’).
              <div
                class="sc-fFSRdu gYZDfv"
              >
                <a
                  class="sc-bkbjAj"
                  href="https://ec.europa.eu/eurostat/cache/metadata/en/env_ac_ainah_r2_esms.htm"
                >
                  https://ec.europa.eu/eurostat/cache/metadata/en/env_ac_ainah_r2_esms.htm
                </a>
              </div>
            </div>
          </div>
        </div>
      </div>
    </div>
  </body>,
  "container": <div>
    <div
      class="sc-gKAblj pSuCS"
    >
      <div
        class="sc-iCoHVE dWRZZO"
      >
        <div
          class="sc-fujyUd VeEOy"
        >
          <div
            class="recharts-responsive-container"
            style="width: 97%; height: 97%;"
          >
            <div
              style="position: absolute; width: 0px; height: 0px; visibility: hidden; display: none;"
            />
          </div>
        </div>
        <div
          class="sc-pNWxx fxawGb"
        >
          <div
            class="sc-jrsJCI fzuYIX"
          >
            <div
              class="sc-kEqYlL fjxjkT"
            >
              History Graph
            </div>
            <div
              class="sc-iqAbSa jdvqLV"
            >
              Gram per Euro
            </div>
          </div>
          <div
            class="sc-crzoUp iKdPGR"
          >
            <div
              class="sc-dIsAE hOSeLT"
            >
              <div
                class="sc-ksluoS gMpDis"
              >
                ESG Factor:
              </div>
              <div
                class="sc-hBMVcZ iYOQhu"
              >
                Emmisions of Greenhouse gases
              </div>
            </div>
            <div
              class="sc-bqGHjH eDezpz"
            >
              <div
                class="sc-ksluoS gMpDis"
              >
                Year:
              </div>
              <div
                class="sc-hBMVcZ iYOQhu"
              >
                 
                2015
                 - 
                2018
              </div>
            </div>
          </div>
          <div
            class="sc-fnVYJo nUgzX"
          >
            Air Emissions Accounts record the flows of residual gaseous and particulate materials emitted by resident units and flowing into the atmosphere. Residual gaseous and particulate materials are the physical flows of gaseous or particulate materials (‘air emissions’).
            <div
              class="sc-fFSRdu gYZDfv"
            >
              <a
                class="sc-bkbjAj"
                href="https://ec.europa.eu/eurostat/cache/metadata/en/env_ac_ainah_r2_esms.htm"
              >
                https://ec.europa.eu/eurostat/cache/metadata/en/env_ac_ainah_r2_esms.htm
              </a>
            </div>
          </div>
        </div>
      </div>
    </div>
  </div>,
  "debug": [Function],
  "findAllByAltText": [Function],
  "findAllByDisplayValue": [Function],
  "findAllByLabelText": [Function],
  "findAllByPlaceholderText": [Function],
  "findAllByRole": [Function],
  "findAllByTestId": [Function],
  "findAllByText": [Function],
  "findAllByTitle": [Function],
  "findByAltText": [Function],
  "findByDisplayValue": [Function],
  "findByLabelText": [Function],
  "findByPlaceholderText": [Function],
  "findByRole": [Function],
  "findByTestId": [Function],
  "findByText": [Function],
  "findByTitle": [Function],
  "getAllByAltText": [Function],
  "getAllByDisplayValue": [Function],
  "getAllByLabelText": [Function],
  "getAllByPlaceholderText": [Function],
  "getAllByRole": [Function],
  "getAllByTestId": [Function],
  "getAllByText": [Function],
  "getAllByTitle": [Function],
  "getByAltText": [Function],
  "getByDisplayValue": [Function],
  "getByLabelText": [Function],
  "getByPlaceholderText": [Function],
  "getByRole": [Function],
  "getByTestId": [Function],
  "getByText": [Function],
  "getByTitle": [Function],
  "queryAllByAltText": [Function],
  "queryAllByDisplayValue": [Function],
  "queryAllByLabelText": [Function],
  "queryAllByPlaceholderText": [Function],
  "queryAllByRole": [Function],
  "queryAllByTestId": [Function],
  "queryAllByText": [Function],
  "queryAllByTitle": [Function],
  "queryByAltText": [Function],
  "queryByDisplayValue": [Function],
  "queryByLabelText": [Function],
  "queryByPlaceholderText": [Function],
  "queryByRole": [Function],
  "queryByTestId": [Function],
  "queryByText": [Function],
  "queryByTitle": [Function],
  "rerender": [Function],
  "unmount": [Function],
}
`;
